[opc@bastion-instance-20230609 ~]$ docker pull nginx
Using default tag: latest
latest: Pulling from library/nginx
52d2b7f179e3: Already exists 
fd9f026c6310: Already exists 
055fa98b4363: Already exists 
96576293dd29: Already exists 
a7c4092be904: Already exists 
e3b6889c8954: Already exists 
da761d9a302b: Already exists 
Digest: sha256:104c7c5c54f2685f0f46f3be607ce60da7085da3eaa5ad22d3d9f01594295e9c
Status: Downloaded newer image for nginx:latest
docker.io/library/nginx:latest
[opc@bastion-instance-20230609 ~]$ docker image ls
REPOSITORY                                                                           TAG       IMAGE ID       CREATED        SIZE
ubuntu-secure                                                                        latest    8ccd042f21d1   2 weeks ago    77.8MB
lhr.ocir.io/orasejapan/lhr-containerinstance-secure/ubuntu-secure                    1.0       8ccd042f21d1   2 weeks ago    77.8MB
lhr.ocir.io/orasejapan/lhr-fn-repo01/invokedeploymentpipeline                        0.0.11    59784998a8cd   2 weeks ago    714MB
nginx                                                                                latest    eea7b3dcba7e   2 weeks ago    187MB
lhr.ocir.io/orasejapan/lhr-fn-repo01/hello-func01                                    0.0.2     68c8d4b788cb   3 weeks ago    117MB
lhr.ocir.io/orasejapan/lhr-functions-repo-20230709/hello-world-app/hello             0.0.2     bf3cad5c90be   8 weeks ago    117MB
lhr.ocir.io/orasejapan/lhr-functions-repo-20230709/hello-world-app/hello-world-app   0.0.2     e59051ccbb85   8 weeks ago    117MB
lhr.ocir.io/orasejapan/lhr-functions-repo-01/hello-func                              0.0.2     40b3a12ccb42   8 weeks ago    117MB
lhr.ocir.io/orasejapan/lhr-functions-repo/my-func                                    0.0.2     562139a71770   8 weeks ago    117MB
lhr.ocir.io/orasejapan/lhr-functions-repo/my-func/my-func                            0.0.3     a6edebf971d7   8 weeks ago    117MB
lhr.ocir.io/orasejapan/lhr-functions-repo/my-func/my-func                            0.0.2     ee575be599cc   8 weeks ago    117MB
maven                                                                                latest    c8f83a9dcc01   2 months ago   549MB
lhr.ocir.io/orasejapan/lhr-dop-lab09-1-ocir-1/oci_demo_imagescan_01                  1.0       c8f83a9dcc01   2 months ago   549MB
[opc@bastion-instance-20230609 ~]$ docker tag nginx:latest kix.ocir.io/orasejapan/kix-cnstudy-repo/nginx:1.0.0
[opc@bastion-instance-20230609 ~]$ docker image ls
REPOSITORY                                                                           TAG       IMAGE ID       CREATED        SIZE
ubuntu-secure                                                                        latest    8ccd042f21d1   2 weeks ago    77.8MB
lhr.ocir.io/orasejapan/lhr-containerinstance-secure/ubuntu-secure                    1.0       8ccd042f21d1   2 weeks ago    77.8MB
lhr.ocir.io/orasejapan/lhr-fn-repo01/invokedeploymentpipeline                        0.0.11    59784998a8cd   2 weeks ago    714MB
nginx                                                                                latest    eea7b3dcba7e   2 weeks ago    187MB
kix.ocir.io/orasejapan/kix-cnstudy-repo/nginx                                        1.0.0     eea7b3dcba7e   2 weeks ago    187MB
lhr.ocir.io/orasejapan/lhr-fn-repo01/hello-func01                                    0.0.2     68c8d4b788cb   3 weeks ago    117MB
lhr.ocir.io/orasejapan/lhr-functions-repo-01/hello-func                              0.0.2     40b3a12ccb42   8 weeks ago    117MB
lhr.ocir.io/orasejapan/lhr-functions-repo/my-func                                    0.0.2     562139a71770   8 weeks ago    117MB
lhr.ocir.io/orasejapan/lhr-functions-repo/my-func/my-func                            0.0.3     a6edebf971d7   8 weeks ago    117MB
lhr.ocir.io/orasejapan/lhr-functions-repo-20230709/hello-world-app/hello             0.0.2     bf3cad5c90be   8 weeks ago    117MB
lhr.ocir.io/orasejapan/lhr-functions-repo-20230709/hello-world-app/hello-world-app   0.0.2     e59051ccbb85   8 weeks ago    117MB
lhr.ocir.io/orasejapan/lhr-functions-repo/my-func/my-func                            0.0.2     ee575be599cc   8 weeks ago    117MB
maven                                                                                latest    c8f83a9dcc01   2 months ago   549MB
lhr.ocir.io/orasejapan/lhr-dop-lab09-1-ocir-1/oci_demo_imagescan_01                  1.0       c8f83a9dcc01   2 months ago   549MB
[opc@bastion-instance-20230609 ~]$ docker login kix.ocir.io
Username: orasejapan/oracleidentitycloudservice/kosuke.machida@oracle.com
Password: 
WARNING! Your password will be stored unencrypted in /home/opc/.docker/config.json.
Configure a credential helper to remove this warning. See
https://docs.docker.com/engine/reference/commandline/login/#credentials-store

Login Succeeded
[opc@bastion-instance-20230609 ~]$ docker image push kix.ocir.io/orasejapan/kix-cnstudy-repo/nginx:1.0.0
The push refers to repository [kix.ocir.io/orasejapan/kix-cnstudy-repo/nginx]
563c64030925: Pushed 
6fb960878295: Pushed 
e161c3f476b5: Pushed 
8a7e12012e6f: Pushed 
d0a62f56ef41: Pushed 
4713cb24eeff: Pushed 
511780f88f80: Pushed 
1.0.0: digest: sha256:48a84a0728cab8ac558f48796f901f6d31d287101bc8b317683678125e0d2d35 size: 1778

[opc@bastion-instance-20230609 ~]$ docker container run -p 8080:80 nginx:latest
/docker-entrypoint.sh: /docker-entrypoint.d/ is not empty, will attempt to perform configuration
/docker-entrypoint.sh: Looking for shell scripts in /docker-entrypoint.d/
/docker-entrypoint.sh: Launching /docker-entrypoint.d/10-listen-on-ipv6-by-default.sh
10-listen-on-ipv6-by-default.sh: info: Getting the checksum of /etc/nginx/conf.d/default.conf
10-listen-on-ipv6-by-default.sh: info: Enabled listen on IPv6 in /etc/nginx/conf.d/default.conf
/docker-entrypoint.sh: Sourcing /docker-entrypoint.d/15-local-resolvers.envsh
/docker-entrypoint.sh: Launching /docker-entrypoint.d/20-envsubst-on-templates.sh
/docker-entrypoint.sh: Launching /docker-entrypoint.d/30-tune-worker-processes.sh
/docker-entrypoint.sh: Configuration complete; ready for start up
2023/09/06 04:17:16 [notice] 1#1: using the "epoll" event method
2023/09/06 04:17:16 [notice] 1#1: nginx/1.25.2
2023/09/06 04:17:16 [notice] 1#1: built by gcc 12.2.0 (Debian 12.2.0-14) 
2023/09/06 04:17:16 [notice] 1#1: OS: Linux 5.15.0-101.103.2.1.el8uek.x86_64
2023/09/06 04:17:16 [notice] 1#1: getrlimit(RLIMIT_NOFILE): 1048576:1048576
2023/09/06 04:17:16 [notice] 1#1: start worker processes
2023/09/06 04:17:16 [notice] 1#1: start worker process 30
2023/09/06 04:17:16 [notice] 1#1: start worker process 31

[opc@bastion-instance-20230609 ~]$ curl http://localhost:8080
<!DOCTYPE html>
<html>
<head>
<title>Welcome to nginx!</title>
<style>
html { color-scheme: light dark; }
body { width: 35em; margin: 0 auto;
font-family: Tahoma, Verdana, Arial, sans-serif; }
</style>
</head>
<body>
<h1>Welcome to nginx!</h1>
<p>If you see this page, the nginx web server is successfully installed and
working. Further configuration is required.</p>

<p>For online documentation and support please refer to
<a href="http://nginx.org/">nginx.org</a>.<br/>
Commercial support is available at
<a href="http://nginx.com/">nginx.com</a>.</p>

<p><em>Thank you for using nginx.</em></p>
</body>
</html>

[opc@bastion-instance-20230609 ~]$ docker volume create test
test
[opc@bastion-instance-20230609 ~]$ docker volume ls
DRIVER    VOLUME NAME
local     test
[opc@bastion-instance-20230609 ~]$ 
[opc@bastion-instance-20230609 ~]$ docker container run --name test-mysql -v test:/var/lib/mysql -e MYSQL_ROOT_PASSWORD=hogehoge -d mysql:latest
b56af6667d949aa0039d4425084fe2953cf42625789379bb7099bf183858ca1f
[opc@bastion-instance-20230609 ~]$ docker exec -it test-mysql bash
bash-4.4# mysql -p
Enter password: 
Welcome to the MySQL monitor.  Commands end with ; or \g.
Your MySQL connection id is 8
Server version: 8.1.0 MySQL Community Server - GPL

Copyright (c) 2000, 2023, Oracle and/or its affiliates.

Oracle is a registered trademark of Oracle Corporation and/or its
affiliates. Other names may be trademarks of their respective
owners.

Type 'help;' or '\h' for help. Type '\c' to clear the current input statement.

mysql> mysql -p
    -> 
    -> 
    -> 
    -> 
    -> ^C
mysql> create database test;
Query OK, 1 row affected (0.01 sec)

mysql> use test;
Database changed
mysql> create table test(id int, name varchar(10));
Query OK, 0 rows affected (0.01 sec)

mysql> insert into test(id, name) values (1,"yamada");
Query OK, 1 row affected (0.01 sec)

mysql> select * from test;
+------+--------+
| id   | name   |
+------+--------+
|    1 | yamada |
+------+--------+
1 row in set (0.00 sec)

mysql> exit
Bye
bash-4.4# exit
exit
[opc@bastion-instance-20230609 ~]$ docker container stop test-mysql 
test-mysql
[opc@bastion-instance-20230609 ~]$ docker container rm test-mysql 
test-mysql
[opc@bastion-instance-20230609 ~]$ 
[opc@bastion-instance-20230609 ~]$ 
[opc@bastion-instance-20230609 ~]$ docker container run --name test-mysql -v test:/var/lib/mysql -e MYSQL_ROOT_PASSWORD=hogehoge -d mysql:latest
a0673084650a39d9d69364ff80aed9b1b6b6c485eeb87fab1e25e599efd0a547
[opc@bastion-instance-20230609 ~]$ 
[opc@bastion-instance-20230609 ~]$ 
[opc@bastion-instance-20230609 ~]$ docker exec -it test-mysql bash
bash-4.4# 
bash-4.4# mysql -p
Enter password: 
Welcome to the MySQL monitor.  Commands end with ; or \g.
Your MySQL connection id is 8
Server version: 8.1.0 MySQL Community Server - GPL

Copyright (c) 2000, 2023, Oracle and/or its affiliates.

Oracle is a registered trademark of Oracle Corporation and/or its
affiliates. Other names may be trademarks of their respective
owners.

Type 'help;' or '\h' for help. Type '\c' to clear the current input statement.

mysql> select * from test;
ERROR 1046 (3D000): No database selected
mysql> 
mysql> use test;
Reading table information for completion of table and column names
You can turn off this feature to get a quicker startup with -A

Database changed
mysql> select * from test;
+------+--------+
| id   | name   |
+------+--------+
|    1 | yamada |
+------+--------+
1 row in set (0.00 sec)

mysql> 


[opc@bastion-instance-20230609 ~]$ mkdir my_wordpress
[opc@bastion-instance-20230609 ~]$ cd my_wordpress/
[opc@bastion-instance-20230609 my_wordpress]$ vim docker-compose.yml
[opc@bastion-instance-20230609 my_wordpress]$ docker-compose up -d
-bash: docker-compose: command not found
[opc@bastion-instance-20230609 my_wordpress]$ DOCKER_CONFIG=${DOCKER_CONFIG:-$HOME/.docker}
[opc@bastion-instance-20230609 my_wordpress]$ mkdir -p $DOCKER_CONFIG/cli-plugins
[opc@bastion-instance-20230609 my_wordpress]$ curl -SL https://github.com/docker/compose/releases/download/v2.20.3/docker-compose-linux-x86_64 -o $DOCKER_CONFIG/cli-plugins/docker-compose
  % Total    % Received % Xferd  Average Speed   Time    Time     Time  Current
                                 Dload  Upload   Total   Spent    Left  Speed
  0     0    0     0    0     0      0      0 --:--:-- --:--:-- --:--:--     0
100 56.6M  100 56.6M    0     0  28.5M      0  0:00:01  0:00:01 --:--:-- 48.3M
[opc@bastion-instance-20230609 my_wordpress]$ chmod +x $DOCKER_CONFIG/cli-plugins/docker-compose
[opc@bastion-instance-20230609 my_wordpress]$ docker compose version
Docker Compose version v2.20.3
[opc@bastion-instance-20230609 my_wordpress]$ docker compose up -d
[+] Running 34/34
 ✔ db 11 layers [⣿⣿⣿⣿⣿⣿⣿⣿⣿⣿⣿]      0B/0B      Pulled                                                                                                                                    30.7s 
   ✔ 70e9ff4420fb Already exists                                                                                                                                                         0.0s 
   ✔ 7ca4383b183f Pull complete                                                                                                                                                          0.7s 
   ✔ 3e282e7651b1 Pull complete                                                                                                                                                          0.6s 
   ✔ 1ffa0e0ca707 Pull complete                                                                                                                                                          0.6s 
   ✔ 6eb790cf6382 Pull complete                                                                                                                                                          1.2s 
   ✔ b4b277ff2929 Pull complete                                                                                                                                                          1.1s 
   ✔ 692fe4469429 Pull complete                                                                                                                                                          1.4s 
   ✔ c0d447d97bbd Pull complete                                                                                                                                                          1.7s 
   ✔ 99ee594517ba Pull complete                                                                                                                                                          2.6s 
   ✔ a9ae52de4d77 Pull complete                                                                                                                                                          1.9s 
   ✔ 66cc05a182b5 Pull complete                                                                                                                                                          2.3s 
 ✔ wordpress 21 layers [⣿⣿⣿⣿⣿⣿⣿⣿⣿⣿⣿⣿⣿⣿⣿⣿⣿⣿⣿⣿⣿]      0B/0B      Pulled                                                                                                                   38.1s 
   ✔ 14726c8f7834 Pull complete                                                                                                                                                          2.6s 
   ✔ 2cda23134733 Pull complete                                                                                                                                                          2.8s 
   ✔ 362421c67441 Pull complete                                                                                                                                                          3.9s 
   ✔ 03e1d184cef7 Pull complete                                                                                                                                                          3.2s 
   ✔ 38301daa28eb Pull complete                                                                                                                                                          3.6s 
   ✔ 9a0adb5f5775 Pull complete                                                                                                                                                          3.8s 
   ✔ 4b6812f65209 Pull complete                                                                                                                                                          4.1s 
   ✔ 31fc99bea4ab Pull complete                                                                                                                                                          4.4s 
   ✔ 739d1cb6ac77 Pull complete                                                                                                                                                          4.5s 
   ✔ f58dcf65a241 Pull complete                                                                                                                                                          4.8s 
   ✔ 7191dea47b4f Pull complete                                                                                                                                                          5.0s 
   ✔ 419adef87ebb Pull complete                                                                                                                                                          5.0s 
   ✔ f2b757f5679d Pull complete                                                                                                                                                          5.3s 
   ✔ 600e9d25c4a2 Pull complete                                                                                                                                                          5.7s 
   ✔ b1d4ae5b28ea Pull complete                                                                                                                                                          5.8s 
   ✔ fccfd3c42289 Pull complete                                                                                                                                                          5.9s 
   ✔ 0419e125d704 Pull complete                                                                                                                                                          6.3s 
   ✔ 2022415de1c1 Pull complete                                                                                                                                                          6.4s 
   ✔ a3842463b0d4 Pull complete                                                                                                                                                          6.7s 
   ✔ 3a43d74a55c7 Pull complete                                                                                                                                                          6.8s 
   ✔ 822f4dc892fe Pull complete                                                                                                                                                          6.9s 
[+] Running 4/4
 ✔ Network my_wordpress_default        Created                                                                                                                                           0.2s 
 ✔ Volume "my_wordpress_db_data"       Created                                                                                                                                           0.0s 
 ✔ Container my_wordpress-db-1         Started                                                                                                                                           0.0s 
 ✔ Container my_wordpress-wordpress-1  Started                                                                                                                                           0.0s 
[opc@bastion-instance-20230609 my_wordpress]$ docker container ls
CONTAINER ID   IMAGE              COMMAND                   CREATED         STATUS         PORTS                                   NAMES
037525bbb6a3   wordpress:latest   "docker-entrypoint.s…"   9 seconds ago   Up 7 seconds   0.0.0.0:8000->80/tcp, :::8000->80/tcp   my_wordpress-wordpress-1
3620d3cdc673   mysql:5.7          "docker-entrypoint.s…"   9 seconds ago   Up 8 seconds   3306/tcp, 33060/tcp                     my_wordpress-db-1

[opc@bastion-instance-20230609 my_wordpress]$ docker compose down --volumes
[+] Running 4/4
 ✔ Container my_wordpress-wordpress-1  Removed                                                                                                                                           1.5s 
 ✔ Container my_wordpress-db-1         Removed                                                                                                                                           2.2s 
 ✔ Volume my_wordpress_db_data         Removed                                                                                                                                           0.0s 
 ✔ Network my_wordpress_default        Removed 
